// Jest Snapshot v1, https://goo.gl/fbAQLP

exports[`<Button /> tests should render as default button 1`] = `
<button
  class="button-red"
  data-testid="button"
>
  test
</button>
`;

exports[`<Button /> tests should render as default button 1 1`] = `
<button
  class="button-red"
  data-testid="button"
>
  test
</button>
`;
